bar: amd64
foo: GLOBAL_ENV_FOO=foo
str_not_number: str-10.10000
woo:
  - hello aarch64
---
a: I'm a
b:
  c:
    d:
      e: echo "Hello from gist.github.com"
---
- 1
- 2
- foo:
    bar: GLOBAL_ENV_BAR=foo-bar
    woo: nested rendering
